// Jest Snapshot v1, https://goo.gl/fbAQLP

exports[`GET /actuator/health returns UP message in body 1`] = `
Object {
  "health": "UP",
}
`;
