// Jest Snapshot v1, https://goo.gl/fbAQLP

exports[`GET /actuator/prometheus returns prometheus metrics in body 1`] = `Object {}`;
